;  LST file generated by mikroListExporter - v.2.0 
; Date/Time: 29/04/2017 16.06.25
;----------------------------------------------

;Address Opcode 	ASM
0x0000	0x29FE      	GOTO       510
_interrupt:
0x0004	0x00DF      	MOVWF      R15
0x0005	0x0E03      	SWAPF      STATUS, 0
0x0006	0x0183      	CLRF       STATUS
0x0007	0x00AE      	MOVWF      ___saveSTATUS
0x0008	0x080A      	MOVF       PCLATH, 0
0x0009	0x00AD      	MOVWF      ___savePCLATH
0x000A	0x018A      	CLRF       PCLATH
0x000B	0x0850      	MOVF       R0, 0
0x000C	0x00A0      	MOVWF      32
0x000D	0x1C0B      	BTFSS      GPIF_bit, BitPos(GPIF_bit+0)
0x000E	0x2822      	GOTO       L_interrupt0
0x000F	0x1283      	BCF        STATUS, 5
0x0010	0x1D85      	BTFSS      GP3_bit, BitPos(GP3_bit+0)
0x0011	0x2819      	GOTO       L_interrupt3
0x0012	0x0825      	MOVF       _PPM_level, 0
0x0013	0x1D03      	BTFSS      STATUS, 2
0x0014	0x2819      	GOTO       L_interrupt3
L__interrupt77:
0x0015	0x0181      	CLRF       TMR0
0x0016	0x3001      	MOVLW      1
0x0017	0x00A5      	MOVWF      _PPM_level
0x0018	0x2821      	GOTO       L_interrupt4
L_interrupt3:
0x0019	0x1985      	BTFSC      GP3_bit, BitPos(GP3_bit+0)
0x001A	0x2821      	GOTO       L_interrupt7
0x001B	0x0825      	MOVF       _PPM_level, 0
0x001C	0x1903      	BTFSC      STATUS, 2
0x001D	0x2821      	GOTO       L_interrupt7
L__interrupt76:
0x001E	0x0801      	MOVF       TMR0, 0
0x001F	0x00A1      	MOVWF      _PPM_pulse
0x0020	0x01A5      	CLRF       _PPM_level
L_interrupt7:
L_interrupt4:
0x0021	0x100B      	BCF        GPIF_bit, BitPos(GPIF_bit+0)
L_interrupt0:
0x0022	0x1283      	BCF        STATUS, 5
0x0023	0x1C0C      	BTFSS      T1IF_bit, BitPos(T1IF_bit+0)
0x0024	0x2852      	GOTO       L_interrupt8
0x0025	0x30FF      	MOVLW      255
0x0026	0x008F      	MOVWF      TMR1H
0x0027	0x0AA4      	INCF       _PWM_i, 1
0x0028	0x0824      	MOVF       _PWM_i, 0
0x0029	0x3A14      	XORLW      20
0x002A	0x1D03      	BTFSS      STATUS, 2
0x002B	0x2838      	GOTO       L_interrupt9
0x002C	0x01A4      	CLRF       _PWM_i
0x002D	0x0826      	MOVF       _PWM_value, 0
0x002E	0x0227      	SUBWF      _PWM_command, 0
0x002F	0x1803      	BTFSC      STATUS, 0
0x0030	0x2833      	GOTO       L_interrupt10
0x0031	0x03A6      	DECF       _PWM_value, 1
0x0032	0x2838      	GOTO       L_interrupt11
L_interrupt10:
0x0033	0x0827      	MOVF       _PWM_command, 0
0x0034	0x0226      	SUBWF      _PWM_value, 0
0x0035	0x1803      	BTFSC      STATUS, 0
0x0036	0x2838      	GOTO       L_interrupt12
0x0037	0x0AA6      	INCF       _PWM_value, 1
L_interrupt12:
L_interrupt11:
L_interrupt9:
0x0038	0x0829      	MOVF       _PWM_brake, 0
0x0039	0x1903      	BTFSC      STATUS, 2
0x003A	0x283E      	GOTO       L_interrupt13
0x003B	0x3030      	MOVLW      48
0x003C	0x0085      	MOVWF      GPIO
0x003D	0x2851      	GOTO       L_interrupt14
L_interrupt13:
0x003E	0x0826      	MOVF       _PWM_value, 0
0x003F	0x0224      	SUBWF      _PWM_i, 0
0x0040	0x1803      	BTFSC      STATUS, 0
0x0041	0x2850      	GOTO       L_interrupt15
0x0042	0x0822      	MOVF       _PWM_direction, 0
0x0043	0x3A00      	XORLW      0
0x0044	0x1D03      	BTFSS      STATUS, 2
0x0045	0x2849      	GOTO       L_interrupt16
0x0046	0x3021      	MOVLW      33
0x0047	0x0085      	MOVWF      GPIO
0x0048	0x284F      	GOTO       L_interrupt17
L_interrupt16:
0x0049	0x0822      	MOVF       _PWM_direction, 0
0x004A	0x3A01      	XORLW      1
0x004B	0x1D03      	BTFSS      STATUS, 2
0x004C	0x284F      	GOTO       L_interrupt18
0x004D	0x3012      	MOVLW      18
0x004E	0x0085      	MOVWF      GPIO
L_interrupt18:
L_interrupt17:
0x004F	0x2851      	GOTO       L_interrupt19
L_interrupt15:
0x0050	0x0185      	CLRF       GPIO
L_interrupt19:
L_interrupt14:
0x0051	0x100C      	BCF        T1IF_bit, BitPos(T1IF_bit+0)
L_interrupt8:
L_end_interrupt:
L__interrupt82:
0x0052	0x0820      	MOVF       32, 0
0x0053	0x00D0      	MOVWF      R0
0x0054	0x082D      	MOVF       ___savePCLATH, 0
0x0055	0x008A      	MOVWF      PCLATH
0x0056	0x0E2E      	SWAPF      ___saveSTATUS, 0
0x0057	0x0083      	MOVWF      STATUS
0x0058	0x0EDF      	SWAPF      R15, 1
0x0059	0x0E5F      	SWAPF      R15, 0
0x005A	0x0009      	RETFIE
; end of _interrupt
_Div_16x16_S_L:
0x005B	0x0D51      	RLF        R1, 0
0x005C	0x0DD8      	RLF        R8, 1
0x005D	0x0DD9      	RLF        R9, 1
0x005E	0x0854      	MOVF       R4, 0
0x005F	0x02D8      	SUBWF      R8, 1
0x0060	0x0855      	MOVF       R5, 0
0x0061	0x1C03      	BTFSS      STATUS, 0
0x0062	0x0F55      	INCFSZ     R5, 0
0x0063	0x02D9      	SUBWF      R9, 1
0x0064	0x0DD0      	RLF        R0, 1
0x0065	0x0DD1      	RLF        R1, 1
0x0066	0x300F      	MOVLW      15
0x0067	0x00DC      	MOVWF      R12
0x0068	0x0D51      	RLF        R1, 0
0x0069	0x0DD8      	RLF        R8, 1
0x006A	0x0DD9      	RLF        R9, 1
0x006B	0x0854      	MOVF       R4, 0
0x006C	0x1C50      	BTFSS      R0, 0
0x006D	0x2874      	GOTO       $+7
0x006E	0x02D8      	SUBWF      R8, 1
0x006F	0x0855      	MOVF       R5, 0
0x0070	0x1C03      	BTFSS      STATUS, 0
0x0071	0x0F55      	INCFSZ     R5, 0
0x0072	0x02D9      	SUBWF      R9, 1
0x0073	0x2879      	GOTO       $+6
0x0074	0x07D8      	ADDWF      R8, 1
0x0075	0x0855      	MOVF       R5, 0
0x0076	0x1803      	BTFSC      STATUS, 0
0x0077	0x0F55      	INCFSZ     R5, 0
0x0078	0x07D9      	ADDWF      R9, 1
0x0079	0x0DD0      	RLF        R0, 1
0x007A	0x0DD1      	RLF        R1, 1
0x007B	0x0BDC      	DECFSZ     R12, 1
0x007C	0x2868      	GOTO       $-20
0x007D	0x1850      	BTFSC      R0, 0
0x007E	0x2885      	GOTO       $+7
0x007F	0x0854      	MOVF       R4, 0
0x0080	0x07D8      	ADDWF      R8, 1
0x0081	0x0855      	MOVF       R5, 0
0x0082	0x1803      	BTFSC      STATUS, 0
0x0083	0x0F55      	INCFSZ     R5, 0
0x0084	0x07D9      	ADDWF      R9, 1
0x0085	0x0000      	NOP
L_end_Div_16x16_S_L:
0x0086	0x0008      	RETURN
; end of _Div_16x16_S_L
_Div_16x16_S:
0x0087	0x1283      	BCF        STATUS, 5
0x0088	0x0854      	MOVF       R4, 0
0x0089	0x3A00      	XORLW      0
0x008A	0x1D03      	BTFSS      STATUS, 2
0x008B	0x2895      	GOTO       L_Div_16x16_S0
0x008C	0x0855      	MOVF       R5, 0
0x008D	0x3A00      	XORLW      0
0x008E	0x1D03      	BTFSS      STATUS, 2
0x008F	0x2895      	GOTO       L_Div_16x16_S1
0x0090	0x30FF      	MOVLW      255
0x0091	0x00D0      	MOVWF      R0
0x0092	0x307F      	MOVLW      127
0x0093	0x00D1      	MOVWF      R1
0x0094	0x28EE      	GOTO       L_end_Div_16x16_S
L_Div_16x16_S1:
L_Div_16x16_S0:
0x0095	0x1283      	BCF        STATUS, 5
0x0096	0x1303      	BCF        STATUS, 6
0x0097	0x01DD      	CLRF       R13
0x0098	0x01D9      	CLRF       R9
0x0099	0x01D8      	CLRF       R8
0x009A	0x0851      	MOVF       R1, 0
0x009B	0x0450      	IORWF      R0, 0
0x009C	0x1903      	BTFSC      STATUS, 2
0x009D	0x3400      	RETLW      0
0x009E	0x0851      	MOVF       R1, 0
0x009F	0x0655      	XORWF      R5, 0
0x00A0	0x00DA      	MOVWF      R10
0x00A1	0x1BDA      	BTFSC      R10, 7
0x00A2	0x09DD      	COMF       R13, 1
0x00A3	0x01DB      	CLRF       R11
0x00A4	0x1FD5      	BTFSS      R5, 7
0x00A5	0x28AB      	GOTO       $+6
0x00A6	0x09D4      	COMF       R4, 1
0x00A7	0x09D5      	COMF       R5, 1
0x00A8	0x0AD4      	INCF       R4, 1
0x00A9	0x1903      	BTFSC      STATUS, 2
0x00AA	0x0AD5      	INCF       R5, 1
0x00AB	0x1FD1      	BTFSS      R1, 7
0x00AC	0x28B2      	GOTO       $+6
0x00AD	0x09D0      	COMF       R0, 1
0x00AE	0x09D1      	COMF       R1, 1
0x00AF	0x0AD0      	INCF       R0, 1
0x00B0	0x1903      	BTFSC      STATUS, 2
0x00B1	0x0AD1      	INCF       R1, 1
0x00B2	0x0851      	MOVF       R1, 0
0x00B3	0x0455      	IORWF      R5, 0
0x00B4	0x00DA      	MOVWF      R10
0x00B5	0x1BDA      	BTFSC      R10, 7
0x00B6	0x28C7      	GOTO       $+17
0x00B7	0x205B      	CALL       _Div_16x16_S_L
0x00B8	0x185B      	BTFSC      R11, 0
0x00B9	0x28DA      	GOTO       $+33
0x00BA	0x1FDD      	BTFSS      R13, 7
0x00BB	0x3400      	RETLW      0
0x00BC	0x09D0      	COMF       R0, 1
0x00BD	0x09D1      	COMF       R1, 1
0x00BE	0x0AD0      	INCF       R0, 1
0x00BF	0x1903      	BTFSC      STATUS, 2
0x00C0	0x0AD1      	INCF       R1, 1
0x00C1	0x09D8      	COMF       R8, 1
0x00C2	0x09D9      	COMF       R9, 1
0x00C3	0x0AD8      	INCF       R8, 1
0x00C4	0x1903      	BTFSC      STATUS, 2
0x00C5	0x0AD9      	INCF       R9, 1
0x00C6	0x3400      	RETLW      0
0x00C7	0x1FD5      	BTFSS      R5, 7
0x00C8	0x28D6      	GOTO       $+14
0x00C9	0x1BD1      	BTFSC      R1, 7
0x00CA	0x28D2      	GOTO       $+8
0x00CB	0x0851      	MOVF       R1, 0
0x00CC	0x00D9      	MOVWF      R9
0x00CD	0x0850      	MOVF       R0, 0
0x00CE	0x00D8      	MOVWF      R8
0x00CF	0x01D1      	CLRF       R1
0x00D0	0x01D0      	CLRF       R0
0x00D1	0x28BA      	GOTO       $-23
0x00D2	0x01D1      	CLRF       R1
0x00D3	0x01D0      	CLRF       R0
0x00D4	0x0AD0      	INCF       R0, 1
0x00D5	0x3400      	RETLW      0
0x00D6	0x09D1      	COMF       R1, 1
0x00D7	0x09D0      	COMF       R0, 1
0x00D8	0x0ADB      	INCF       R11, 1
0x00D9	0x28B7      	GOTO       $-34
0x00DA	0x0AD8      	INCF       R8, 1
0x00DB	0x1903      	BTFSC      STATUS, 2
0x00DC	0x0AD9      	INCF       R9, 1
0x00DD	0x0854      	MOVF       R4, 0
0x00DE	0x0258      	SUBWF      R8, 0
0x00DF	0x1D03      	BTFSS      STATUS, 2
0x00E0	0x28BA      	GOTO       $-38
0x00E1	0x0855      	MOVF       R5, 0
0x00E2	0x0259      	SUBWF      R9, 0
0x00E3	0x1D03      	BTFSS      STATUS, 2
0x00E4	0x28BA      	GOTO       $-42
0x00E5	0x01D9      	CLRF       R9
0x00E6	0x01D8      	CLRF       R8
0x00E7	0x0AD0      	INCF       R0, 1
0x00E8	0x1903      	BTFSC      STATUS, 2
0x00E9	0x0AD1      	INCF       R1, 1
0x00EA	0x1FD1      	BTFSS      R1, 7
0x00EB	0x28BA      	GOTO       $-49
0x00EC	0x0000      	NOP
0x00ED	0x34FF      	RETLW      255
L_end_Div_16x16_S:
0x00EE	0x0008      	RETURN
; end of _Div_16x16_S
_____DoICP:
0x00EF	0x1283      	BCF        STATUS, 5
0x00F0	0x082C      	MOVF       ___DoICPAddr+1, 0
0x00F1	0x008A      	MOVWF      PCLATH
0x00F2	0x082B      	MOVF       ___DoICPAddr, 0
0x00F3	0x0082      	MOVWF      PCL
L_end_____DoICP:
0x00F4	0x0008      	RETURN
; end of _____DoICP
___CC2DW:
_CC2D_Loop1:
0x00F5	0x20EF      	CALL       _____DoICP
0x00F6	0x118A      	BCF        PCLATH, 3
0x00F7	0x120A      	BCF        PCLATH, 4
0x00F8	0x0080      	MOVWF      INDF
0x00F9	0x0A84      	INCF       FSR, 1
0x00FA	0x0AAB      	INCF       ___DoICPAddr, 1
0x00FB	0x1903      	BTFSC      STATUS, 2
0x00FC	0x0AAC      	INCF       ___DoICPAddr+1, 1
0x00FD	0x03D0      	DECF       R0, 1
0x00FE	0x1D03      	BTFSS      STATUS, 2
0x00FF	0x28F5      	GOTO       _CC2D_Loop1
L_end___CC2DW:
0x0100	0x0008      	RETURN
; end of ___CC2DW
_grizzly3_3POS:
L_grizzly3_3POS35:
0x0101	0x305B      	MOVLW      91
0x0102	0x1283      	BCF        STATUS, 5
0x0103	0x0221      	SUBWF      _PPM_pulse, 0
0x0104	0x1C03      	BTFSS      STATUS, 0
0x0105	0x290B      	GOTO       L__grizzly3_3POS79
0x0106	0x0821      	MOVF       _PPM_pulse, 0
0x0107	0x3C61      	SUBLW      97
0x0108	0x1C03      	BTFSS      STATUS, 0
0x0109	0x290B      	GOTO       L__grizzly3_3POS79
0x010A	0x290C      	GOTO       L_grizzly3_3POS36
L__grizzly3_3POS79:
0x010B	0x2901      	GOTO       L_grizzly3_3POS35
L_grizzly3_3POS36:
L_grizzly3_3POS39:
0x010C	0x0821      	MOVF       _PPM_pulse, 0
0x010D	0x3C38      	SUBLW      56
0x010E	0x1803      	BTFSC      STATUS, 0
0x010F	0x297F      	GOTO       L_grizzly3_3POS41
0x0110	0x0821      	MOVF       _PPM_pulse, 0
0x0111	0x00A3      	MOVWF      _PPM_value
0x0112	0x0821      	MOVF       _PPM_pulse, 0
0x0113	0x3C7D      	SUBLW      125
0x0114	0x1803      	BTFSC      STATUS, 0
0x0115	0x2918      	GOTO       L_grizzly3_3POS42
0x0116	0x307D      	MOVLW      125
0x0117	0x00A3      	MOVWF      _PPM_value
L_grizzly3_3POS42:
0x0118	0x303F      	MOVLW      63
0x0119	0x0223      	SUBWF      _PPM_value, 0
0x011A	0x1803      	BTFSC      STATUS, 0
0x011B	0x291E      	GOTO       L_grizzly3_3POS43
0x011C	0x303F      	MOVLW      63
0x011D	0x00A3      	MOVWF      _PPM_value
L_grizzly3_3POS43:
0x011E	0x0823      	MOVF       _PPM_value, 0
0x011F	0x3C61      	SUBLW      97
0x0120	0x1803      	BTFSC      STATUS, 0
0x0121	0x2949      	GOTO       L_grizzly3_3POS44
0x0122	0x0822      	MOVF       _PWM_direction, 0
0x0123	0x3A00      	XORLW      0
0x0124	0x1D03      	BTFSS      STATUS, 2
0x0125	0x2942      	GOTO       L_grizzly3_3POS45
0x0126	0x305E      	MOVLW      94
0x0127	0x0223      	SUBWF      _PPM_value, 0
0x0128	0x00D3      	MOVWF      R3
0x0129	0x01D4      	CLRF       R3+1
0x012A	0x1C03      	BTFSS      STATUS, 0
0x012B	0x03D4      	DECF       R3+1, 1
0x012C	0x0853      	MOVF       R3, 0
0x012D	0x00D0      	MOVWF      R0
0x012E	0x0854      	MOVF       R3+1, 0
0x012F	0x00D1      	MOVWF      R0+1
0x0130	0x0DD0      	RLF        R0, 1
0x0131	0x0DD1      	RLF        R0+1, 1
0x0132	0x1050      	BCF        R0, 0
0x0133	0x302D      	MOVLW      _PPM_map
0x0134	0x07D0      	ADDWF      R0, 1
0x0135	0x3002      	MOVLW      hi_addr(_PPM_map)
0x0136	0x1803      	BTFSC      STATUS, 0
0x0137	0x3E01      	ADDLW      1
0x0138	0x07D1      	ADDWF      R0+1, 1
0x0139	0x0850      	MOVF       R0, 0
0x013A	0x00AB      	MOVWF      ___DoICPAddr
0x013B	0x0851      	MOVF       R0+1, 0
0x013C	0x00AC      	MOVWF      ___DoICPAddr+1
0x013D	0x20EF      	CALL       _____DoICP
0x013E	0x118A      	BCF        PCLATH, 3
0x013F	0x120A      	BCF        PCLATH, 4
0x0140	0x00A7      	MOVWF      _PWM_command
0x0141	0x2948      	GOTO       L_grizzly3_3POS46
L_grizzly3_3POS45:
0x0142	0x01A7      	CLRF       _PWM_command
0x0143	0x0826      	MOVF       _PWM_value, 0
0x0144	0x1D03      	BTFSS      STATUS, 2
0x0145	0x2948      	GOTO       L_grizzly3_3POS47
0x0146	0x01A9      	CLRF       _PWM_brake
0x0147	0x01A2      	CLRF       _PWM_direction
L_grizzly3_3POS47:
L_grizzly3_3POS46:
0x0148	0x297E      	GOTO       L_grizzly3_3POS48
L_grizzly3_3POS44:
0x0149	0x305B      	MOVLW      91
0x014A	0x0223      	SUBWF      _PPM_value, 0
0x014B	0x1803      	BTFSC      STATUS, 0
0x014C	0x2975      	GOTO       L_grizzly3_3POS49
0x014D	0x0822      	MOVF       _PWM_direction, 0
0x014E	0x3A01      	XORLW      1
0x014F	0x1D03      	BTFSS      STATUS, 2
0x0150	0x296D      	GOTO       L_grizzly3_3POS50
0x0151	0x0823      	MOVF       _PPM_value, 0
0x0152	0x3C5E      	SUBLW      94
0x0153	0x00D3      	MOVWF      R3
0x0154	0x01D4      	CLRF       R3+1
0x0155	0x1C03      	BTFSS      STATUS, 0
0x0156	0x03D4      	DECF       R3+1, 1
0x0157	0x0853      	MOVF       R3, 0
0x0158	0x00D0      	MOVWF      R0
0x0159	0x0854      	MOVF       R3+1, 0
0x015A	0x00D1      	MOVWF      R0+1
0x015B	0x0DD0      	RLF        R0, 1
0x015C	0x0DD1      	RLF        R0+1, 1
0x015D	0x1050      	BCF        R0, 0
0x015E	0x302D      	MOVLW      _PPM_map
0x015F	0x07D0      	ADDWF      R0, 1
0x0160	0x3002      	MOVLW      hi_addr(_PPM_map)
0x0161	0x1803      	BTFSC      STATUS, 0
0x0162	0x3E01      	ADDLW      1
0x0163	0x07D1      	ADDWF      R0+1, 1
0x0164	0x0850      	MOVF       R0, 0
0x0165	0x00AB      	MOVWF      ___DoICPAddr
0x0166	0x0851      	MOVF       R0+1, 0
0x0167	0x00AC      	MOVWF      ___DoICPAddr+1
0x0168	0x20EF      	CALL       _____DoICP
0x0169	0x118A      	BCF        PCLATH, 3
0x016A	0x120A      	BCF        PCLATH, 4
0x016B	0x00A7      	MOVWF      _PWM_command
0x016C	0x2974      	GOTO       L_grizzly3_3POS51
L_grizzly3_3POS50:
0x016D	0x01A7      	CLRF       _PWM_command
0x016E	0x0826      	MOVF       _PWM_value, 0
0x016F	0x1D03      	BTFSS      STATUS, 2
0x0170	0x2974      	GOTO       L_grizzly3_3POS52
0x0171	0x01A9      	CLRF       _PWM_brake
0x0172	0x3001      	MOVLW      1
0x0173	0x00A2      	MOVWF      _PWM_direction
L_grizzly3_3POS52:
L_grizzly3_3POS51:
0x0174	0x297E      	GOTO       L_grizzly3_3POS53
L_grizzly3_3POS49:
0x0175	0x0826      	MOVF       _PWM_value, 0
0x0176	0x1903      	BTFSC      STATUS, 2
0x0177	0x297A      	GOTO       L_grizzly3_3POS54
0x0178	0x01A7      	CLRF       _PWM_command
0x0179	0x297C      	GOTO       L_grizzly3_3POS55
L_grizzly3_3POS54:
0x017A	0x3001      	MOVLW      1
0x017B	0x00A9      	MOVWF      _PWM_brake
L_grizzly3_3POS55:
0x017C	0x3002      	MOVLW      2
0x017D	0x00A2      	MOVWF      _PWM_direction
L_grizzly3_3POS53:
L_grizzly3_3POS48:
0x017E	0x01A1      	CLRF       _PPM_pulse
L_grizzly3_3POS41:
0x017F	0x290C      	GOTO       L_grizzly3_3POS39
L_end_grizzly3_3POS:
0x0180	0x0008      	RETURN
; end of _grizzly3_3POS
_grizzly3_2POS:
L_grizzly3_2POS56:
0x0181	0x1283      	BCF        STATUS, 5
0x0182	0x0821      	MOVF       _PPM_pulse, 0
0x0183	0x3C45      	SUBLW      69
0x0184	0x1803      	BTFSC      STATUS, 0
0x0185	0x2987      	GOTO       L_grizzly3_2POS57
0x0186	0x2981      	GOTO       L_grizzly3_2POS56
L_grizzly3_2POS57:
L_grizzly3_2POS58:
0x0187	0x0821      	MOVF       _PPM_pulse, 0
0x0188	0x3C38      	SUBLW      56
0x0189	0x1803      	BTFSC      STATUS, 0
0x018A	0x29E3      	GOTO       L_grizzly3_2POS60
0x018B	0x0821      	MOVF       _PPM_pulse, 0
0x018C	0x00A3      	MOVWF      _PPM_value
0x018D	0x0821      	MOVF       _PPM_pulse, 0
0x018E	0x3C7D      	SUBLW      125
0x018F	0x1803      	BTFSC      STATUS, 0
0x0190	0x2993      	GOTO       L_grizzly3_2POS61
0x0191	0x307D      	MOVLW      125
0x0192	0x00A3      	MOVWF      _PPM_value
L_grizzly3_2POS61:
0x0193	0x303F      	MOVLW      63
0x0194	0x0223      	SUBWF      _PPM_value, 0
0x0195	0x1803      	BTFSC      STATUS, 0
0x0196	0x2999      	GOTO       L_grizzly3_2POS62
0x0197	0x303F      	MOVLW      63
0x0198	0x00A3      	MOVWF      _PPM_value
L_grizzly3_2POS62:
0x0199	0x0823      	MOVF       _PPM_value, 0
0x019A	0x3C45      	SUBLW      69
0x019B	0x1803      	BTFSC      STATUS, 0
0x019C	0x29D9      	GOTO       L_grizzly3_2POS63
0x019D	0x0822      	MOVF       _PWM_direction, 0
0x019E	0x3A00      	XORLW      0
0x019F	0x1903      	BTFSC      STATUS, 2
0x01A0	0x29A6      	GOTO       L__grizzly3_2POS80
0x01A1	0x0822      	MOVF       _PWM_direction, 0
0x01A2	0x3A01      	XORLW      1
0x01A3	0x1903      	BTFSC      STATUS, 2
0x01A4	0x29A6      	GOTO       L__grizzly3_2POS80
0x01A5	0x29C9      	GOTO       L_grizzly3_2POS66
L__grizzly3_2POS80:
0x01A6	0x303F      	MOVLW      63
0x01A7	0x0223      	SUBWF      _PPM_value, 0
0x01A8	0x00D0      	MOVWF      R0
0x01A9	0x01D1      	CLRF       R0+1
0x01AA	0x1C03      	BTFSS      STATUS, 0
0x01AB	0x03D1      	DECF       R0+1, 1
0x01AC	0x3002      	MOVLW      2
0x01AD	0x00D4      	MOVWF      R4
0x01AE	0x3000      	MOVLW      0
0x01AF	0x00D5      	MOVWF      R4+1
0x01B0	0x2087      	CALL       _Div_16x16_S
0x01B1	0x0850      	MOVF       R0, 0
0x01B2	0x00D2      	MOVWF      R2
0x01B3	0x0851      	MOVF       R0+1, 0
0x01B4	0x00D3      	MOVWF      R2+1
0x01B5	0x0DD2      	RLF        R2, 1
0x01B6	0x0DD3      	RLF        R2+1, 1
0x01B7	0x1052      	BCF        R2, 0
0x01B8	0x0852      	MOVF       R2, 0
0x01B9	0x3E2D      	ADDLW      _PPM_map
0x01BA	0x00D0      	MOVWF      R0
0x01BB	0x3002      	MOVLW      hi_addr(_PPM_map)
0x01BC	0x1803      	BTFSC      STATUS, 0
0x01BD	0x3E01      	ADDLW      1
0x01BE	0x0753      	ADDWF      R2+1, 0
0x01BF	0x00D1      	MOVWF      R0+1
0x01C0	0x0850      	MOVF       R0, 0
0x01C1	0x00AB      	MOVWF      ___DoICPAddr
0x01C2	0x0851      	MOVF       R0+1, 0
0x01C3	0x00AC      	MOVWF      ___DoICPAddr+1
0x01C4	0x20EF      	CALL       _____DoICP
0x01C5	0x118A      	BCF        PCLATH, 3
0x01C6	0x120A      	BCF        PCLATH, 4
0x01C7	0x00A7      	MOVWF      _PWM_command
0x01C8	0x29D8      	GOTO       L_grizzly3_2POS67
L_grizzly3_2POS66:
0x01C9	0x01A7      	CLRF       _PWM_command
0x01CA	0x0826      	MOVF       _PWM_value, 0
0x01CB	0x1D03      	BTFSS      STATUS, 2
0x01CC	0x29D8      	GOTO       L_grizzly3_2POS68
0x01CD	0x01A9      	CLRF       _PWM_brake
0x01CE	0x0828      	MOVF       _PWM_last_direction, 0
0x01CF	0x3A01      	XORLW      1
0x01D0	0x1D03      	BTFSS      STATUS, 2
0x01D1	0x29D4      	GOTO       L_grizzly3_2POS69
0x01D2	0x01A2      	CLRF       _PWM_direction
0x01D3	0x29D6      	GOTO       L_grizzly3_2POS70
L_grizzly3_2POS69:
0x01D4	0x3001      	MOVLW      1
0x01D5	0x00A2      	MOVWF      _PWM_direction
L_grizzly3_2POS70:
0x01D6	0x0822      	MOVF       _PWM_direction, 0
0x01D7	0x00A8      	MOVWF      _PWM_last_direction
L_grizzly3_2POS68:
L_grizzly3_2POS67:
0x01D8	0x29E2      	GOTO       L_grizzly3_2POS71
L_grizzly3_2POS63:
0x01D9	0x0826      	MOVF       _PWM_value, 0
0x01DA	0x1903      	BTFSC      STATUS, 2
0x01DB	0x29DE      	GOTO       L_grizzly3_2POS72
0x01DC	0x01A7      	CLRF       _PWM_command
0x01DD	0x29E0      	GOTO       L_grizzly3_2POS73
L_grizzly3_2POS72:
0x01DE	0x3001      	MOVLW      1
0x01DF	0x00A9      	MOVWF      _PWM_brake
L_grizzly3_2POS73:
0x01E0	0x3002      	MOVLW      2
0x01E1	0x00A2      	MOVWF      _PWM_direction
L_grizzly3_2POS71:
0x01E2	0x01A1      	CLRF       _PPM_pulse
L_grizzly3_2POS60:
0x01E3	0x2987      	GOTO       L_grizzly3_2POS58
L_end_grizzly3_2POS:
0x01E4	0x0008      	RETURN
; end of _grizzly3_2POS
_syncPPM:
0x01E5	0x1283      	BCF        STATUS, 5
0x01E6	0x01AA      	CLRF       _i
L_syncPPM20:
0x01E7	0x3032      	MOVLW      50
0x01E8	0x022A      	SUBWF      _i, 0
0x01E9	0x1803      	BTFSC      STATUS, 0
0x01EA	0x29FD      	GOTO       L_syncPPM21
0x01EB	0x01A1      	CLRF       _PPM_pulse
L_syncPPM22:
0x01EC	0x0821      	MOVF       _PPM_pulse, 0
0x01ED	0x1D03      	BTFSS      STATUS, 2
0x01EE	0x29F0      	GOTO       L_syncPPM23
0x01EF	0x29EC      	GOTO       L_syncPPM22
L_syncPPM23:
0x01F0	0x3038      	MOVLW      56
0x01F1	0x0221      	SUBWF      _PPM_pulse, 0
0x01F2	0x1C03      	BTFSS      STATUS, 0
0x01F3	0x29F9      	GOTO       L__syncPPM78
0x01F4	0x0821      	MOVF       _PPM_pulse, 0
0x01F5	0x3C83      	SUBLW      131
0x01F6	0x1C03      	BTFSS      STATUS, 0
0x01F7	0x29F9      	GOTO       L__syncPPM78
0x01F8	0x29FB      	GOTO       L_syncPPM26
L__syncPPM78:
0x01F9	0x01AA      	CLRF       _i
0x01FA	0x29FC      	GOTO       L_syncPPM27
L_syncPPM26:
0x01FB	0x0AAA      	INCF       _i, 1
L_syncPPM27:
0x01FC	0x29E7      	GOTO       L_syncPPM20
L_syncPPM21:
L_end_syncPPM:
0x01FD	0x0008      	RETURN
; end of _syncPPM
_main:
0x01FE	0x1283      	BCF        STATUS, 5
0x01FF	0x01A1      	CLRF       _PPM_pulse
0x0200	0x3002      	MOVLW      2
0x0201	0x00A2      	MOVWF      _PWM_direction
0x0202	0x01A3      	CLRF       _PPM_value
0x0203	0x01A4      	CLRF       _PWM_i
0x0204	0x01A5      	CLRF       _PPM_level
0x0205	0x01A6      	CLRF       _PWM_value
0x0206	0x01A7      	CLRF       _PWM_command
0x0207	0x3001      	MOVLW      1
0x0208	0x00A8      	MOVWF      _PWM_last_direction
0x0209	0x01A9      	CLRF       _PWM_brake
0x020A	0x1683      	BSF        STATUS, 5
0x020B	0x23FF      	CALL       1023
0x020C	0x0090      	MOVWF      OSCCAL
0x020D	0x1283      	BCF        STATUS, 5
0x020E	0x3003      	MOVLW      3
0x020F	0x1683      	BSF        STATUS, 5
0x0210	0x0081      	MOVWF      OPTION_REG
0x0211	0x3004      	MOVLW      4
0x0212	0x0095      	MOVWF      WPU
0x0213	0x1283      	BCF        STATUS, 5
0x0214	0x0185      	CLRF       GPIO
0x0215	0x30CC      	MOVLW      204
0x0216	0x1683      	BSF        STATUS, 5
0x0217	0x0085      	MOVWF      TRISIO
0x0218	0x178B      	BSF        GIE_bit, BitPos(GIE_bit+0)
0x0219	0x170B      	BSF        PEIE_bit, BitPos(PEIE_bit+0)
0x021A	0x158B      	BSF        GPIE_bit, BitPos(GPIE_bit+0)
0x021B	0x3008      	MOVLW      8
0x021C	0x0096      	MOVWF      IOC
0x021D	0x1283      	BCF        STATUS, 5
0x021E	0x100C      	BCF        T1IF_bit, BitPos(T1IF_bit+0)
0x021F	0x1683      	BSF        STATUS, 5
0x0220	0x140C      	BSF        T1IE_bit, BitPos(T1IE_bit+0)
0x0221	0x3001      	MOVLW      1
0x0222	0x1283      	BCF        STATUS, 5
0x0223	0x0090      	MOVWF      T1CON
0x0224	0x21E5      	CALL       _syncPPM
0x0225	0x3001      	MOVLW      1
0x0226	0x00A9      	MOVWF      _PWM_brake
0x0227	0x1D05      	BTFSS      GP2_bit, BitPos(GP2_bit+0)
0x0228	0x2A2B      	GOTO       L_main74
0x0229	0x2101      	CALL       _grizzly3_3POS
0x022A	0x2A2C      	GOTO       L_main75
L_main74:
0x022B	0x2181      	CALL       _grizzly3_2POS
L_main75:
L_end_main:
0x022C	0x2A2C      	GOTO       $+0
; end of _main
;grizzly3.c,59 :: _PPM_map
0x022D	0x3400 ;_PPM_map+0
0x022E	0x3400 ;_PPM_map+1
0x022F	0x3400 ;_PPM_map+2
0x0230	0x3400 ;_PPM_map+3
0x0231	0x3400 ;_PPM_map+4
0x0232	0x3400 ;_PPM_map+5
0x0233	0x3400 ;_PPM_map+6
0x0234	0x3400 ;_PPM_map+7
0x0235	0x3400 ;_PPM_map+8
0x0236	0x3400 ;_PPM_map+9
0x0237	0x3400 ;_PPM_map+10
0x0238	0x3400 ;_PPM_map+11
0x0239	0x3401 ;_PPM_map+12
0x023A	0x3400 ;_PPM_map+13
0x023B	0x3402 ;_PPM_map+14
0x023C	0x3400 ;_PPM_map+15
0x023D	0x3403 ;_PPM_map+16
0x023E	0x3400 ;_PPM_map+17
0x023F	0x3404 ;_PPM_map+18
0x0240	0x3400 ;_PPM_map+19
0x0241	0x3405 ;_PPM_map+20
0x0242	0x3400 ;_PPM_map+21
0x0243	0x3406 ;_PPM_map+22
0x0244	0x3400 ;_PPM_map+23
0x0245	0x3407 ;_PPM_map+24
0x0246	0x3400 ;_PPM_map+25
0x0247	0x3408 ;_PPM_map+26
0x0248	0x3400 ;_PPM_map+27
0x0249	0x3409 ;_PPM_map+28
0x024A	0x3400 ;_PPM_map+29
0x024B	0x340A ;_PPM_map+30
0x024C	0x3400 ;_PPM_map+31
0x024D	0x340B ;_PPM_map+32
0x024E	0x3400 ;_PPM_map+33
0x024F	0x340C ;_PPM_map+34
0x0250	0x3400 ;_PPM_map+35
0x0251	0x340D ;_PPM_map+36
0x0252	0x3400 ;_PPM_map+37
0x0253	0x340E ;_PPM_map+38
0x0254	0x3400 ;_PPM_map+39
0x0255	0x340F ;_PPM_map+40
0x0256	0x3400 ;_PPM_map+41
0x0257	0x3410 ;_PPM_map+42
0x0258	0x3400 ;_PPM_map+43
0x0259	0x3411 ;_PPM_map+44
0x025A	0x3400 ;_PPM_map+45
0x025B	0x3412 ;_PPM_map+46
0x025C	0x3400 ;_PPM_map+47
0x025D	0x3413 ;_PPM_map+48
0x025E	0x3400 ;_PPM_map+49
0x025F	0x3414 ;_PPM_map+50
0x0260	0x3400 ;_PPM_map+51
0x0261	0x3414 ;_PPM_map+52
0x0262	0x3400 ;_PPM_map+53
0x0263	0x3414 ;_PPM_map+54
0x0264	0x3400 ;_PPM_map+55
0x0265	0x3414 ;_PPM_map+56
0x0266	0x3400 ;_PPM_map+57
0x0267	0x3414 ;_PPM_map+58
0x0268	0x3400 ;_PPM_map+59
0x0269	0x3414 ;_PPM_map+60
0x026A	0x3400 ;_PPM_map+61
0x026B	0x3414 ;_PPM_map+62
0x026C	0x3400 ;_PPM_map+63
; end of _PPM_map
Symbol List:
//** Routines locations **
//ADDRESS    SIZE    PROCEDURE
//----------------------------------------------
0x0004      [87]    _interrupt
0x005B      [44]    _Div_16x16_S_L
0x0087     [104]    _Div_16x16_S
0x00EF       [6]    _____DoICP
0x00F5      [12]    ___CC2DW
0x0101     [128]    _grizzly3_3POS
0x0181     [100]    _grizzly3_2POS
0x01E5      [25]    _syncPPM
0x01FE      [47]    _main
//** Variables locations ** 
//ADDRESS    SIZE    VARIABLE
//----------------------------------------------
0x0000       [1]    INDF
0x0001       [1]    TMR0
0x0002       [1]    PCL
0x0003       [1]    STATUS
0x0004       [1]    FSR
0x0005       [0]    PPM
0x0005       [0]    JP
0x0005       [0]    GP3_bit
0x0005       [1]    GPIO
0x0005       [0]    GP2_bit
0x000A       [1]    PCLATH
0x000B       [0]    GPIF_bit
0x000B       [0]    GPIE_bit
0x000B       [0]    PEIE_bit
0x000B       [0]    GIE_bit
0x000C       [0]    T1IF_bit
0x000F       [1]    TMR1H
0x0010       [1]    T1CON
0x0021       [1]    _PPM_pulse
0x0022       [1]    _PWM_direction
0x0023       [1]    _PPM_value
0x0024       [1]    _PWM_i
0x0025       [1]    _PPM_level
0x0026       [1]    _PWM_value
0x0027       [1]    _PWM_command
0x0028       [1]    _PWM_last_direction
0x0029       [1]    _PWM_brake
0x002A       [1]    _i
0x002B       [2]    ___DoICPAddr
0x002D       [1]    ___savePCLATH
0x002E       [1]    ___saveSTATUS
0x0050       [1]    R0
0x0051       [1]    R1
0x0052       [1]    R2
0x0053       [1]    R3
0x0054       [1]    R4
0x0055       [1]    R5
0x0056       [1]    R6
0x0057       [1]    R7
0x0058       [1]    R8
0x0059       [1]    R9
0x005A       [1]    R10
0x005B       [1]    R11
0x005C       [1]    R12
0x005D       [1]    R13
0x005E       [1]    R14
0x005F       [1]    R15
0x0081       [1]    OPTION_REG
0x0085       [1]    TRISIO
0x008C       [0]    T1IE_bit
0x0090       [1]    OSCCAL
0x0095       [1]    WPU
0x0096       [1]    IOC
//** Constants locations ** 
//ADDRESS    SIZE    CONSTANT
//----------------------------------------------
0x022D      [64]    _PPM_map
